// Jest Snapshot v1, https://goo.gl/fbAQLP

exports[`Testing in <FirstApp /> Must match snapshot 1`] = `
<div>
  <h1
    data-testid="test-title"
  >
    Hello, I'm Goku
  </h1>
  <p>
    There is not subtitle
  </p>
  <p>
    There is not subtitle
  </p>
  <p>
    Daniel Angel
  </p>
</div>
`;
