// Jest Snapshot v1, https://goo.gl/fbAQLP

exports[`Testing in <FirstApp /> must match the snapshot  1`] = `
<div>
  <h1>
    Hello, I'm Goku
  </h1>
  <p>
    There is not subtitle
  </p>
  <p>
    Daniel Angel
  </p>
</div>
`;
